[www.designdok.com/index.html]
[backblue.gif]
[fade.gif]
[index.html]
[www.designdok.com/favicon.ico]
[www.designdok.com/assets/css/m-style.css]
[www.designdok.com/assets/css/style.css]
[www.designdok.com/assets/images/logo.svg]
[www.designdok.com/services.html]
[www.designdok.com/logo-design.html]
[www.designdok.com/branding.html]
[www.designdok.com/website-design-development.html]
[www.designdok.com/motion-graphics.html]
[www.designdok.com/mobile-apps.html]
[www.designdok.com/seo.html]
[www.designdok.com/content.html]
[www.designdok.com/works.html]
[www.designdok.com/combo-packages.html]
[www.designdok.com/packages.html]
[www.designdok.com/reviews.html]
[www.designdok.com/how-it-works.html]
[www.designdok.com/company.html]
[www.designdok.com/contact.html]
[www.designdok.com/assets/images/goodfirms.png]
[www.designdok.com/assets/images/clutch.png]
[www.designdok.com/assets/images/top-design-firm.png]
[www.designdok.com/assets/images/top-digital-agency.png]
[www.designdok.com/assets/images/banners/home2.webp]
[www.designdok.com/assets/images/web_banner.png]
[www.designdok.com/assets/images/portfolio/mobile/1-pop.png]
[www.designdok.com/assets/images/seo-banner-1.png]
[www.designdok.com/assets/images/portfolio/web/aviation-1.png]
[www.designdok.com/assets/images/portfolio/web/aviation-2.png]
[www.designdok.com/assets/images/portfolio/web/b2b-1.png]
[www.designdok.com/assets/images/portfolio/web/b2b-2.png]
[www.designdok.com/assets/images/portfolio/web/cbd-1.png]
[www.designdok.com/assets/images/portfolio/web/cbd-2.png]
[www.designdok.com/assets/images/portfolio/web/clothing-1.png]
[www.designdok.com/assets/images/portfolio/web/clothing-2.png]
[www.designdok.com/assets/images/portfolio/web/construction-1.png]
[www.designdok.com/assets/images/portfolio/web/construction-2.png]
[www.designdok.com/assets/images/portfolio/web/dental-1.png]
[www.designdok.com/assets/images/portfolio/web/dental-2.png]
[www.designdok.com/assets/images/portfolio/web/education-portals-1.png]
[www.designdok.com/assets/images/portfolio/web/education-portals-2.png]
[www.designdok.com/assets/images/portfolio/web/financial-1.png]
[www.designdok.com/assets/images/portfolio/web/financial-2.png]
[www.designdok.com/assets/images/portfolio/web/fitness-1.png]
[www.designdok.com/assets/images/portfolio/web/fitness-2.png]
[www.designdok.com/assets/images/portfolio/web/food-1.png]
[www.designdok.com/assets/images/portfolio/web/food-2.png]
[www.designdok.com/assets/images/portfolio/web/hotel-1.png]
[www.designdok.com/assets/images/portfolio/web/hotel-2.png]
[www.designdok.com/assets/images/portfolio/web/interior-design-1.png]
[www.designdok.com/assets/images/portfolio/web/interior-design-2.png]
[www.designdok.com/assets/images/portfolio/web/law-firm-1.png]
[www.designdok.com/assets/images/portfolio/web/law-firm-2.png]
[www.designdok.com/assets/images/portfolio/web/non-profit-1.png]
[www.designdok.com/assets/images/portfolio/web/non-profit-2.png]
[www.designdok.com/assets/images/portfolio/web/online-courses-1.png]
[www.designdok.com/assets/images/portfolio/web/online-courses-2.png]
[www.designdok.com/assets/images/portfolio/web/real-estate-1.png]
[www.designdok.com/assets/images/portfolio/web/real-estate-2.png]
[www.designdok.com/assets/images/portfolio/web/restaurant-1.png]
[www.designdok.com/assets/images/portfolio/web/restaurant-2.png]
[www.designdok.com/assets/images/portfolio/web/1.png]
[www.designdok.com/assets/images/portfolio/web/2.png]
[www.designdok.com/assets/images/portfolio/web/3.png]
[www.designdok.com/assets/images/portfolio/web/4.png]
[www.designdok.com/assets/images/portfolio/web/5.png]
[www.designdok.com/assets/images/portfolio/web/6.png]
[www.designdok.com/assets/images/portfolio/web/7.png]
[www.designdok.com/assets/images/portfolio/web/8.png]
[www.designdok.com/assets/images/portfolio/web/9.png]
[www.designdok.com/assets/images/portfolio/web/10.png]
[www.designdok.com/assets/images/portfolio/logo/1.png]
[www.designdok.com/assets/images/portfolio/logo/2.png]
[www.designdok.com/assets/images/portfolio/logo/3.png]
[www.designdok.com/assets/images/portfolio/logo/4.png]
[www.designdok.com/assets/images/portfolio/logo/5.png]
[www.designdok.com/assets/images/portfolio/logo/6.png]
[www.designdok.com/assets/images/portfolio/logo/7.png]
[www.designdok.com/assets/images/portfolio/logo/8.png]
[www.designdok.com/assets/images/portfolio/logo/9.png]
[www.designdok.com/assets/images/portfolio/logo/10.png]
[www.designdok.com/assets/images/portfolio/branding/1.png]
[www.designdok.com/assets/images/portfolio/branding/2.png]
[www.designdok.com/assets/images/portfolio/branding/3.png]
[www.designdok.com/assets/images/portfolio/branding/4.png]
[www.designdok.com/assets/images/portfolio/branding/5.png]
[www.designdok.com/assets/images/portfolio/branding/6.png]
[www.designdok.com/assets/images/portfolio/branding/7.png]
[www.designdok.com/assets/images/portfolio/branding/8.png]
[www.designdok.com/assets/images/portfolio/branding/9.png]
[www.designdok.com/assets/images/portfolio/branding/10.png]
[www.designdok.com/assets/images/portfolio/branding/11.png]
[www.designdok.com/assets/images/portfolio/branding/12.png]
[www.designdok.com/assets/images/portfolio/branding/13.png]
[www.designdok.com/assets/images/portfolio/branding/14.png]
[www.designdok.com/assets/images/portfolio/branding/15.png]
[www.designdok.com/assets/images/portfolio/branding/16.png]
[www.designdok.com/assets/images/portfolio/branding/17.png]
[www.designdok.com/assets/images/portfolio/branding/18.png]
[www.designdok.com/assets/images/portfolio/branding/19.png]
[www.designdok.com/assets/images/portfolio/branding/20.png]
[www.designdok.com/assets/images/portfolio/video/1.webp]
[www.designdok.com/assets/images/portfolio/video/2.webp]
[www.designdok.com/assets/images/portfolio/video/3.webp]
[www.designdok.com/assets/images/portfolio/video/4.webp]
[www.designdok.com/assets/images/portfolio/video/5.webp]
[www.designdok.com/assets/images/portfolio/video/6.webp]
[www.designdok.com/assets/images/portfolio/video/7.webp]
[www.designdok.com/assets/images/portfolio/video/8.webp]
[www.designdok.com/assets/images/portfolio/video/9.webp]
[www.designdok.com/assets/images/portfolio/video/10.png]
[www.designdok.com/assets/images/portfolio/video/11.webp]
[www.designdok.com/assets/images/portfolio/video/12.webp]
[www.designdok.com/assets/images/portfolio/video/13.webp]
[www.designdok.com/assets/images/portfolio/video/14.webp]
[www.designdok.com/assets/images/portfolio/video/15.webp]
[www.designdok.com/assets/images/portfolio/video/16.webp]
[www.designdok.com/assets/images/portfolio/video/17.webp]
[www.designdok.com/assets/images/portfolio/video/18.png]
[www.designdok.com/assets/images/portfolio/video/19.webp]
[www.designdok.com/assets/images/portfolio/video/20.webp]
[www.designdok.com/assets/images/portfolio/mobile/1.png]
[www.designdok.com/assets/images/portfolio/mobile/2-pop.png]
[www.designdok.com/assets/images/portfolio/mobile/2.png]
[www.designdok.com/assets/images/portfolio/mobile/3-pop.png]
[www.designdok.com/assets/images/portfolio/mobile/3.png]
[www.designdok.com/assets/images/portfolio/mobile/4-pop.png]
[www.designdok.com/assets/images/portfolio/mobile/4.png]
[www.designdok.com/assets/images/portfolio/mobile/5-pop.png]
[www.designdok.com/assets/images/portfolio/mobile/5.png]
[www.designdok.com/assets/images/portfolio/mobile/6-pop.png]
[www.designdok.com/assets/images/portfolio/mobile/6.png]
[www.designdok.com/assets/images/portfolio/mobile/7-pop.png]
[www.designdok.com/assets/images/portfolio/mobile/7.png]
[www.designdok.com/assets/images/portfolio/mobile/8-pop.png]
[www.designdok.com/assets/images/portfolio/mobile/8.png]
[www.designdok.com/assets/images/portfolio/mobile/9-pop.png]
[www.designdok.com/assets/images/portfolio/mobile/9.png]
[www.designdok.com/assets/images/portfolio/mobile/10-pop.png]
[www.designdok.com/assets/images/portfolio/mobile/10.png]
[www.designdok.com/assets/images/portfolio/3d/1.webp]
[www.designdok.com/assets/images/portfolio/3d/2.webp]
[www.designdok.com/assets/images/portfolio/3d/3.webp]
[www.designdok.com/assets/images/portfolio/3d/4.webp]
[www.designdok.com/assets/images/portfolio/3d/5.webp]
[www.designdok.com/assets/images/portfolio/3d/6.webp]
[www.designdok.com/assets/images/portfolio/3d/7.webp]
[www.designdok.com/assets/images/portfolio/3d/8.webp]
[www.designdok.com/assets/images/portfolio/3d/9.webp]
[www.designdok.com/assets/images/portfolio/3d/10.webp]
[www.designdok.com/assets/images/portfolio/3d/11.webp]
[www.designdok.com/assets/images/portfolio/3d/12.webp]
[www.designdok.com/assets/images/portfolio/3d/13.webp]
[www.designdok.com/assets/images/portfolio/3d/14.webp]
[www.designdok.com/assets/images/portfolio/3d/15.webp]
[www.designdok.com/assets/images/portfolio/3d/16.webp]
[www.designdok.com/assets/images/portfolio/3d/17.webp]
[www.designdok.com/assets/images/portfolio/3d/18.webp]
[www.designdok.com/assets/images/portfolio/3d/19.webp]
[www.designdok.com/assets/images/portfolio/3d/20.webp]
[www.designdok.com/orderde9d.html]
[www.designdok.com/order94ea.html]
[www.designdok.com/orderc983.html]
[www.designdok.com/order4645.html]
[www.designdok.com/order5ac2.html]
[www.designdok.com/orderc92d.html]
[www.designdok.com/order2a83.html]
[www.designdok.com/ordere1e6.html]
[www.designdok.com/orderaf2d.html]
[www.designdok.com/order512d.html]
[www.designdok.com/order88b5.html]
[www.designdok.com/orderf484.html]
[www.designdok.com/order35dd.html]
[www.designdok.com/order9842.html]
[www.designdok.com/order0743.html]
[www.designdok.com/orderdab3.html]
[www.designdok.com/order9187.html]
[www.designdok.com/order1f5e.html]
[www.designdok.com/orderf8c1.html]
[www.designdok.com/order13f9.html]
[www.designdok.com/order8baa.html]
[www.designdok.com/order501e.html]
[www.designdok.com/order817a.html]
[www.designdok.com/order7995.html]
[www.designdok.com/order9cb8.html]
[www.designdok.com/orderd71b.html]
[www.designdok.com/order8c39.html]
[www.designdok.com/orderaecd.html]
[www.designdok.com/order0044.html]
[www.designdok.com/order9c5e.html]
[www.designdok.com/ordera833.html]
[www.designdok.com/order54d4.html]
[www.designdok.com/order01f6.html]
[www.designdok.com/order55f0.html]
[www.designdok.com/order8002.html]
[www.designdok.com/ordera301.html]
[www.designdok.com/orderad90.html]
[www.designdok.com/orderf589.html]
[www.designdok.com/orderc635.html]
[www.designdok.com/order3947.html]
[www.designdok.com/assets/images/ourprocess_ourprocess-01.svg]
[www.designdok.com/assets/images/ourprocess_ourproces-02.svg]
[www.designdok.com/assets/images/ourprocess_ourprocess-03.svg]
[www.designdok.com/cdn-cgi/l/email-protection.html]
[www.designdok.com/terms.html]
[www.designdok.com/cdn-cgi/scripts/5c5dd728/cloudflare-static/email-decode.min.js]
[www.designdok.com/privacy-policy.html]
[www.designdok.com/assets/images/linda-dok.jpg]
[www.designdok.com/assets/js/functions.js]
[www.designdok.com/index.html]
[www.designdok.com/assets/css/style.css]
[www.designdok.com/assets/images/flags.png]
[www.designdok.com/assets/js/mlib.js]
[www.designdok.com/assets/images/flags@2x.png]
[www.designdok.com/assets/css/m-style.css]
[www.designdok.com/assets/images/logo.svg]
[www.designdok.com/assets/images/mobile2@2x.png]
[www.designdok.com/assets/images/service_web_DesignDok.png]
[www.designdok.com/assets/images/portfolio/web/thumbnails/1.png]
[www.designdok.com/assets/images/portfolio/web/thumbnails/2.png]
[www.designdok.com/assets/images/portfolio/web/thumbnails/3.png]
[www.designdok.com/assets/images/portfolio/web/thumbnails/4.png]
[www.designdok.com/assets/images/branding2@2x.png]
[www.designdok.com/assets/images/motion_3@2x.png]
[www.designdok.com/assets/images/portfolio/video/1.png]
[www.designdok.com/assets/images/portfolio/video/2.png]
[www.designdok.com/assets/images/portfolio/video/3.png]
[www.designdok.com/assets/images/portfolio/video/4.png]
[www.designdok.com/services.html]
[www.designdok.com/assets/images/logo-banner.jpg]
[www.designdok.com/assets/images/mobile_dog.png]
[www.designdok.com/contact-2.html]
[www.designdok.com/assets/images/arrow_new.svg]
[www.designdok.com/assets/images/logicon1.png]
[www.designdok.com/assets/images/logicon2.png]
[www.designdok.com/assets/images/logicon3.png]
[www.designdok.com/assets/images/logicon4.png]
[www.designdok.com/assets/images/logicon5.png]
[www.designdok.com/assets/images/animation_banner.gif]
[www.designdok.com/logo-design.html]
[www.designdok.com/assets/images/b1.png]
[www.designdok.com/assets/images/b2.png]
[www.designdok.com/assets/images/brandingicon1.png]
[www.designdok.com/assets/images/brandingicon2.png]
[www.designdok.com/assets/images/brandingicon3.png]
[www.designdok.com/assets/images/brandingicon4.png]
[www.designdok.com/assets/images/brandingicon5.png]
[www.designdok.com/branding.html]
[www.designdok.com/assets/images/web-banner-marge.png]
[www.designdok.com/assets/images/webicon1.png]
[www.designdok.com/assets/images/webicon2.png]
[www.designdok.com/assets/images/webicon3.png]
[www.designdok.com/assets/images/webicon4.png]
[www.designdok.com/assets/images/webicon5.png]
[www.designdok.com/website-design-development.html]
[www.designdok.com/assets/images/motionicon1.png]
[www.designdok.com/assets/images/motionicon2.png]
[www.designdok.com/assets/images/motionicon3.png]
[www.designdok.com/assets/images/motionicon4.png]
[www.designdok.com/assets/images/motionicon5.png]
[www.designdok.com/motion-graphics.html]
[www.designdok.com/assets/images/mobicon1.png]
[www.designdok.com/assets/images/mobicon2.png]
[www.designdok.com/assets/images/mobicon3.png]
[www.designdok.com/assets/images/mobicon4.png]
[www.designdok.com/assets/images/mobicon5.png]
[www.designdok.com/assets/images/mobile-app.svg]
[www.designdok.com/assets/images/logoss.png]
[www.designdok.com/mobile-apps.html]
[www.designdok.com/assets/images/seo-banner-2.png]
[www.designdok.com/assets/images/seo-banner-3.png]
[www.designdok.com/assets/images/seo-bullets_seo-01.svg]
[www.designdok.com/assets/images/seo-bullets_seo-02.svg]
[www.designdok.com/assets/images/seo-bullets_seo-03.svg]
[www.designdok.com/seo.html]
[www.designdok.com/assets/images/book.png]
[www.designdok.com/assets/images/book1n.png]
[www.designdok.com/assets/images/book2n.png]
[www.designdok.com/assets/images/content-bullets_content-01.svg]
[www.designdok.com/assets/images/content-bullets_content-02.svg]
[www.designdok.com/assets/images/content-bullets_content-03.svg]
[www.designdok.com/content.html]
[www.designdok.com/assets/images/portfolio/web/aviation-1-t.png]
[www.designdok.com/assets/images/portfolio/web/aviation-2-t.png]
[www.designdok.com/assets/images/portfolio/web/b2b-1-t.png]
[www.designdok.com/assets/images/portfolio/web/b2b-2-t.png]
[www.designdok.com/assets/images/portfolio/web/cbd-1-t.png]
[www.designdok.com/assets/images/portfolio/web/cbd-2-t.png]
[www.designdok.com/assets/images/portfolio/web/clothing-1-t.png]
[www.designdok.com/assets/images/portfolio/web/clothing-2-t.png]
[www.designdok.com/assets/images/portfolio/web/construction-1-t.png]
[www.designdok.com/assets/images/portfolio/web/construction-2-t.png]
[www.designdok.com/assets/images/portfolio/web/dental-1-t.png]
[www.designdok.com/assets/images/portfolio/web/dental-2-t.png]
[www.designdok.com/assets/images/portfolio/web/education-portals-1-t.png]
[www.designdok.com/assets/images/portfolio/web/education-portals-2-t.png]
[www.designdok.com/assets/images/portfolio/web/financial-1-t.png]
[www.designdok.com/assets/images/portfolio/web/financial-2-t.png]
[www.designdok.com/assets/images/portfolio/web/fitness-1-t.png]
[www.designdok.com/assets/images/portfolio/web/fitness-2-t.png]
[www.designdok.com/assets/images/portfolio/web/food-1-t.png]
[www.designdok.com/assets/images/portfolio/web/food-2-t.png]
[www.designdok.com/assets/images/portfolio/web/hotel-1-t.png]
[www.designdok.com/assets/images/portfolio/web/hotel-2-t.png]
[www.designdok.com/assets/images/portfolio/web/interior-design-1-t.png]
[www.designdok.com/assets/images/portfolio/web/interior-design-2-t.png]
[www.designdok.com/assets/images/portfolio/web/law-firm-1-t.png]
[www.designdok.com/assets/images/portfolio/web/law-firm-2-t.png]
[www.designdok.com/assets/images/portfolio/web/non-profit-1-t.png]
[www.designdok.com/assets/images/portfolio/web/non-profit-2-t.png]
[www.designdok.com/assets/images/portfolio/web/online-courses-1-t.png]
[www.designdok.com/assets/images/portfolio/web/online-courses-2-t.png]
[www.designdok.com/assets/images/portfolio/web/real-estate-1-t.png]
[www.designdok.com/assets/images/portfolio/web/real-estate-2-t.png]
[www.designdok.com/assets/images/portfolio/web/restaurant-1-t.png]
[www.designdok.com/assets/images/portfolio/web/restaurant-2-t.png]
[www.designdok.com/assets/images/portfolio/web/thumbnails/5.png]
[www.designdok.com/assets/images/portfolio/web/thumbnails/6.png]
[www.designdok.com/assets/images/portfolio/web/thumbnails/7.png]
[www.designdok.com/assets/images/portfolio/web/thumbnails/8.png]
[www.designdok.com/assets/images/portfolio/web/thumbnails/9.png]
[www.designdok.com/assets/images/portfolio/web/thumbnails/10.png]
[www.designdok.com/works.html]
[www.designdok.com/packages.html]
[www.designdok.com/orderd114.html]
[www.designdok.com/order6198.html]
[www.designdok.com/order6008.html]
[www.designdok.com/order420e.html]
[www.designdok.com/order9ba4.html]
[www.designdok.com/combo-packages.html]
[www.designdok.com/assets/images/i-mate-life-w.png]
[www.designdok.com/assets/images/stars4.png]
[www.designdok.com/assets/images/rapid-link-w.png]
[www.designdok.com/assets/images/groomingtail-w.png]
[www.designdok.com/assets/images/amrus-w.png]
[www.designdok.com/assets/images/easymade-prints-w.png]
[www.designdok.com/assets/images/dental-w.png]
[www.designdok.com/assets/images/mix-w.png]
[www.designdok.com/assets/images/ITsecurity-BR-w.png]
[www.designdok.com/assets/images/jackies-w.png]
[www.designdok.com/assets/images/crows-w.png]
[www.designdok.com/assets/images/coastal-w.png]
[www.designdok.com/assets/images/midget-mart-w.png]
[www.designdok.com/assets/images/preferred-BR-w.png]
[www.designdok.com/assets/images/overprice-w.png]
[www.designdok.com/assets/images/media-signage-w.png]
[www.designdok.com/assets/images/petfood-w.png]
[www.designdok.com/assets/images/doos-w.png]
[www.designdok.com/assets/images/fitness-w.png]
[www.designdok.com/assets/images/real-life-w.png]
[www.designdok.com/assets/images/EA-ST-w.png]
[www.designdok.com/assets/images/aspers-w.png]
[www.designdok.com/assets/images/life-song-w.png]
[www.designdok.com/assets/images/shazingle-w.png]
[www.designdok.com/assets/images/leaf-ST-w.png]
[www.designdok.com/assets/images/stingball-w.png]
[www.designdok.com/assets/images/hoccah-FL-w.png]
[www.designdok.com/assets/images/business-BR-w.png]
[www.designdok.com/assets/images/prestige-w.png]
[www.designdok.com/assets/images/medcare-ST-w.png]
[www.designdok.com/assets/images/painted-lollipots-w.png]
[www.designdok.com/assets/images/jack-kathy-w.png]
[www.designdok.com/assets/images/trinity-w.png]
[www.designdok.com/assets/images/money-tree-w.png]
[www.designdok.com/assets/images/compas-w.png]
[www.designdok.com/assets/images/sweetswing-w.png]
[www.designdok.com/assets/images/arch-w.png]
[www.designdok.com/assets/images/construction-BR-w.png]
[www.designdok.com/assets/images/mutual-fund-w.png]
[www.designdok.com/assets/images/allied-apparel-w.png]
[www.designdok.com/assets/images/blink-w.png]
[www.designdok.com/assets/images/stars1.png]
[www.designdok.com/assets/images/embrace-w.png]
[www.designdok.com/assets/images/makeAdeal-w.png]
[www.designdok.com/assets/images/media-w.png]
[www.designdok.com/assets/images/cynicus-w.png]
[www.designdok.com/assets/images/duszak-ST-w.png]
[www.designdok.com/reviews.html]
[www.designdok.com/assets/images/step1-1.png]
[www.designdok.com/assets/images/step1-2.png]
[www.designdok.com/assets/images/step1-3.png]
[www.designdok.com/works-2.html]
[www.designdok.com/assets/images/teesmaarkhan.png]
[www.designdok.com/assets/images/projects-showcase-01.png]
[www.designdok.com/packages-2.html]
[www.designdok.com/assets/images/jageera.png]
[www.designdok.com/assets/images/contests-showcase-02.png]
[www.designdok.com/assets/images/collaborate-yellow.png]
[www.designdok.com/how-it-works.html]
[www.designdok.com/assets/images/company.mp4]
[www.designdok.com/assets/images/_MG_0301.jpg]
[www.designdok.com/assets/images/_MG_8690.jpg]
[www.designdok.com/assets/images/_MG_9494.jpg]
[www.designdok.com/assets/images/_MG_9854.jpg]
[www.designdok.com/assets/images/1.svg]
[www.designdok.com/assets/images/2.svg]
[www.designdok.com/assets/images/3.svg]
[www.designdok.com/assets/images/photo_1.jpg]
[www.designdok.com/assets/images/photo_2.jpg]
[www.designdok.com/assets/images/photo_3.jpg]
[www.designdok.com/assets/images/photo_4.jpg]
[www.designdok.com/assets/images/photo_5.jpg]
[www.designdok.com/assets/images/photo_6.jpg]
[www.designdok.com/company.html]
[www.designdok.com/contact.html]
[www.designdok.com/orderde9d.html]
[www.designdok.com/order94ea.html]
[www.designdok.com/orderc983.html]
[www.designdok.com/order4645.html]
[www.designdok.com/order5ac2.html]
[www.designdok.com/orderc92d.html]
[www.designdok.com/order2a83.html]
[www.designdok.com/ordere1e6.html]
[www.designdok.com/orderaf2d.html]
[www.designdok.com/order512d.html]
[www.designdok.com/order88b5.html]
[www.designdok.com/orderf484.html]
[www.designdok.com/order35dd.html]
[www.designdok.com/order9842.html]
[www.designdok.com/order0743.html]
[www.designdok.com/orderdab3.html]
[www.designdok.com/order9187.html]
[www.designdok.com/order1f5e.html]
[www.designdok.com/orderf8c1.html]
[www.designdok.com/order13f9.html]
[www.designdok.com/order8baa.html]
[www.designdok.com/order501e.html]
[www.designdok.com/order817a.html]
[www.designdok.com/order7995.html]
[www.designdok.com/order9cb8.html]
[www.designdok.com/orderd71b.html]
[www.designdok.com/order8c39.html]
[www.designdok.com/orderaecd.html]
[www.designdok.com/order0044.html]
[www.designdok.com/order9c5e.html]
[www.designdok.com/ordera833.html]
[www.designdok.com/order54d4.html]
[www.designdok.com/order01f6.html]
[www.designdok.com/order55f0.html]
[www.designdok.com/order8002.html]
[www.designdok.com/ordera301.html]
[www.designdok.com/orderad90.html]
[www.designdok.com/orderf589.html]
[www.designdok.com/orderc635.html]
[www.designdok.com/order3947.html]
[www.designdok.com/assets/images/ourprocess_ourprocess-01.svg]
[www.designdok.com/assets/images/ourprocess_ourproces-02.svg]
[www.designdok.com/assets/images/ourprocess_ourprocess-03.svg]
[www.designdok.com/cdn-cgi/l/email-protection.html]
[www.designdok.com/terms.html]
[www.designdok.com/privacy-policy.html]
[www.designdok.com/contact-2.html]
[www.designdok.com/assets/images/arrow_new.svg]
[www.designdok.com/assets/images/mobile-app.svg]
[www.designdok.com/assets/images/seo-bullets_seo-01.svg]
[www.designdok.com/assets/images/seo-bullets_seo-02.svg]
[www.designdok.com/assets/images/seo-bullets_seo-03.svg]
[www.designdok.com/assets/images/content-bullets_content-01.svg]
[www.designdok.com/assets/images/content-bullets_content-02.svg]
[www.designdok.com/assets/images/content-bullets_content-03.svg]
[www.designdok.com/orderd114.html]
[www.designdok.com/order6198.html]
[www.designdok.com/order6008.html]
[www.designdok.com/order420e.html]
[www.designdok.com/order9ba4.html]
[www.designdok.com/assets/images/stars1.html]
[www.designdok.com/works-2.html]
[www.designdok.com/packages-2.html]
[www.designdok.com/assets/images/1.svg]
[www.designdok.com/assets/images/2.svg]
[www.designdok.com/assets/images/3.svg]
